exports[`Forecast snapshots 1`] = `
<div>
  <div
    className="section column is-half is-offset-one-quarter is-large has-text-centered">
    <a
      className="button is-loading gLszEl">
      Button
    </a>
  </div>
</div>
`;
